
    -----------------------------------------------------------------------
          Psi4: An Open-Source Ab Initio Electronic Structure Package
                               Psi4 1.9.1 release

                         Git: Rev {} zzzzzzz 


    D. G. A. Smith, L. A. Burns, A. C. Simmonett, R. M. Parrish,
    M. C. Schieber, R. Galvelis, P. Kraus, H. Kruse, R. Di Remigio,
    A. Alenaizan, A. M. James, S. Lehtola, J. P. Misiewicz, M. Scheurer,
    R. A. Shaw, J. B. Schriber, Y. Xie, Z. L. Glick, D. A. Sirianni,
    J. S. O'Brien, J. M. Waldrop, A. Kumar, E. G. Hohenstein,
    B. P. Pritchard, B. R. Brooks, H. F. Schaefer III, A. Yu. Sokolov,
    K. Patkowski, A. E. DePrince III, U. Bozkaya, R. A. King,
    F. A. Evangelista, J. M. Turney, T. D. Crawford, C. D. Sherrill,
    J. Chem. Phys. 152(18) 184108 (2020). https://doi.org/10.1063/5.0006002

                            Additional Code Authors
    E. T. Seidl, C. L. Janssen, E. F. Valeev, M. L. Leininger,
    J. F. Gonthier, R. M. Richard, H. R. McAlexander, M. Saitow, X. Wang,
    P. Verma, M. H. Lechner, A. Jiang, S. Behnle, A. G. Heide,
    M. F. Herbst, and D. L. Poole

             Previous Authors, Complete List of Code Contributors,
                       and Citations for Specific Modules
    https://github.com/psi4/psi4/blob/master/codemeta.json
    https://github.com/psi4/psi4/graphs/contributors
    http://psicode.org/psi4manual/master/introduction.html#citing-psifour

    -----------------------------------------------------------------------


    Psi4 started on: Friday, 17 May 2024 02:58PM

    Process ID: 273556
    Host:       cn0421
    PSIDATADIR: /panfs/jay/groups/28/lever046/lever046/psi4conda/share/psi4
    Memory:     500.0 MiB
    Threads:    16
    
  ==> Input File <==

--------------------------------------------------------------------------
# Any line starting with the # character is a comment line
#! B3LYP/6-31+G* BZ orig computation

memory 600mb

molecule bzorig {
   0 1
    O            3.565061202339     2.698552277613     0.332822659205
    O            1.428580408166     2.050166477942     0.551652741478
    N            0.928075338440    -0.627791908920    -0.454310029208
    C            2.301062431949    -0.723838934017    -0.192360443024
    C            3.134093042995     0.375059187763     0.149906149361
    C           -1.364535243997    -0.320406698250     0.222752338159
    C            2.898486108770    -1.980965725873    -0.406232479675
    C            4.523623464578     0.167399001588     0.273334305735
    C            0.077939894166    -0.430551030459     0.477249343089
    C            4.266612466885    -2.168197375950    -0.246747277076
    C            5.090300665684    -1.088161763131     0.093949107996
    C           -2.238151864741    -0.117774454077     1.301573234686
    C           -1.895024721351    -0.410573810863    -1.076111846251
    C           -3.614458361792    -0.007950447714     1.100797616145
    C           -3.264951158207    -0.303762052231    -1.291279671151
    C           -4.114952646997    -0.103496908544    -0.197609826191
    C            2.591728641878     1.742650069431     0.360831703099
    H            2.256010495171    -2.804724567788    -0.703151708664
    H            5.152605796914     1.014457764272     0.521889612753
    H            0.385767207711    -0.340435055801     1.527008464059
    H            4.694181526494    -3.155805474392    -0.400899559325
    H            6.161861196984    -1.224002200065     0.207955355981
    H           -1.838452387701    -0.039179267220     2.310048246371
    H           -1.217436427613    -0.563578498049    -1.910287421496
    H           -4.288353789989     0.150706951674     1.936303329640
    H           -3.677000144646    -0.372388101113    -2.292954328494
    CL          -5.845111736945     0.031490637522    -0.467210941126
    H            3.113554014191     3.545923050414     0.502628828253
}

set {
 basis 6-31+G*
 tdscf_states 10
}

energy('td-scf')


--------------------------------------------------------------------------

  Memory set to 572.205 MiB by Python driver.

Scratch directory: /scratch.global/lever046/psi4/
   => Libint2 <=

    Primary   basis highest AM E, G, H:  5, 4, 3
    Auxiliary basis highest AM E, G, H:  6, 5, 4
    Onebody   basis highest AM E, G, H:  6, 5, 4
    Solid Harmonics ordering:            Gaussian

*** tstart() called on cn0421
*** at Fri May 17 14:58:55 2024

   => Loading Basis Set <=

    Name: 6-31+G*
    Role: ORBITAL
    Keyword: BASIS
    atoms 1-2       entry O          line   157 file /panfs/jay/groups/28/lever046/lever046/psi4conda/share/psi4/basis/6-31pgs.gbs 
    atoms 3         entry N          line   138 file /panfs/jay/groups/28/lever046/lever046/psi4conda/share/psi4/basis/6-31pgs.gbs 
    atoms 4-17      entry C          line   119 file /panfs/jay/groups/28/lever046/lever046/psi4conda/share/psi4/basis/6-31pgs.gbs 
    atoms 18-26, 28 entry H          line    46 file /panfs/jay/groups/28/lever046/lever046/psi4conda/share/psi4/basis/6-31pgs.gbs 
    atoms 27        entry CL         line   370 file /panfs/jay/groups/28/lever046/lever046/psi4conda/share/psi4/basis/6-31pgs.gbs 


         ---------------------------------------------------------
                                   SCF
               by Justin Turney, Rob Parrish, Andy Simmonett
                          and Daniel G. A. Smith
                              RHF Reference
                       16 Threads,    572 MiB Core
         ---------------------------------------------------------

  ==> Geometry <==

    Molecular point group: c1
    Full point group: C1

    Geometry (in Angstrom), charge = 0, multiplicity = 1:

       Center              X                  Y                   Z               Mass       
    ------------   -----------------  -----------------  -----------------  -----------------
         O            3.565061202339     2.698552277613     0.332822659205    15.994914619570
         O            1.428580408166     2.050166477942     0.551652741478    15.994914619570
         N            0.928075338440    -0.627791908920    -0.454310029208    14.003074004430
         C            2.301062431949    -0.723838934017    -0.192360443024    12.000000000000
         C            3.134093042995     0.375059187763     0.149906149361    12.000000000000
         C           -1.364535243997    -0.320406698250     0.222752338159    12.000000000000
         C            2.898486108770    -1.980965725873    -0.406232479675    12.000000000000
         C            4.523623464578     0.167399001588     0.273334305735    12.000000000000
         C            0.077939894166    -0.430551030459     0.477249343089    12.000000000000
         C            4.266612466885    -2.168197375950    -0.246747277076    12.000000000000
         C            5.090300665684    -1.088161763131     0.093949107996    12.000000000000
         C           -2.238151864741    -0.117774454077     1.301573234686    12.000000000000
         C           -1.895024721351    -0.410573810863    -1.076111846251    12.000000000000
         C           -3.614458361792    -0.007950447714     1.100797616145    12.000000000000
         C           -3.264951158207    -0.303762052231    -1.291279671151    12.000000000000
         C           -4.114952646997    -0.103496908544    -0.197609826191    12.000000000000
         C            2.591728641878     1.742650069431     0.360831703099    12.000000000000
         H            2.256010495171    -2.804724567788    -0.703151708664     1.007825032230
         H            5.152605796914     1.014457764272     0.521889612753     1.007825032230
         H            0.385767207711    -0.340435055801     1.527008464059     1.007825032230
         H            4.694181526494    -3.155805474392    -0.400899559325     1.007825032230
         H            6.161861196984    -1.224002200065     0.207955355981     1.007825032230
         H           -1.838452387701    -0.039179267220     2.310048246371     1.007825032230
         H           -1.217436427613    -0.563578498049    -1.910287421496     1.007825032230
         H           -4.288353789989     0.150706951674     1.936303329640     1.007825032230
         H           -3.677000144646    -0.372388101113    -2.292954328494     1.007825032230
         CL          -5.845111736945     0.031490637522    -0.467210941126    34.968852682000
         H            3.113554014191     3.545923050414     0.502628828253     1.007825032230

  Running in c1 symmetry.

  Rotational constants: A =      0.03340  B =      0.00491  C =      0.00450 [cm^-1]
  Rotational constants: A =   1001.35948  B =    147.19592  C =    134.83013 [MHz]
  Nuclear repulsion = 1250.961641438550259

  Charge       = 0
  Multiplicity = 1
  Electrons    = 134
  Nalpha       = 67
  Nbeta        = 67

  ==> Algorithm <==

  SCF Algorithm Type is DF.
  DIIS enabled.
  MOM disabled.
  Fractional occupation disabled.
  Guess Type is SAD.
  Energy threshold   = 1.00e-06
  Density threshold  = 1.00e-06
  Integral threshold = 1.00e-12

  ==> Primary Basis <==

  Basis Set: 6-31+G*
    Blend: 6-31+G*
    Number of shells: 166
    Number of basis functions: 366
    Number of Cartesian functions: 366
    Spherical Harmonics?: false
    Max angular momentum: 2

   => Loading Basis Set <=

    Name: (6-31+G* AUX)
    Role: JKFIT
    Keyword: DF_BASIS_SCF
    atoms 1-2       entry O          line   310 file /panfs/jay/groups/28/lever046/lever046/psi4conda/share/psi4/basis/heavy-aug-cc-pvdz-jkfit.gbs 
    atoms 3         entry N          line   252 file /panfs/jay/groups/28/lever046/lever046/psi4conda/share/psi4/basis/heavy-aug-cc-pvdz-jkfit.gbs 
    atoms 4-17      entry C          line   194 file /panfs/jay/groups/28/lever046/lever046/psi4conda/share/psi4/basis/heavy-aug-cc-pvdz-jkfit.gbs 
    atoms 18-26, 28 entry H          line   116 file /panfs/jay/groups/28/lever046/lever046/psi4conda/share/psi4/basis/heavy-aug-cc-pvdz-jkfit.gbs 
    atoms 27        entry CL         line   812 file /panfs/jay/groups/28/lever046/lever046/psi4conda/share/psi4/basis/heavy-aug-cc-pvdz-jkfit.gbs 

  ==> Integral Setup <==

  ==> DiskDFJK: Density-Fitted J/K Matrices <==

    J tasked:                  Yes
    K tasked:                  Yes
    wK tasked:                  No
    OpenMP threads:             16
    Integrals threads:          16
    Memory [MiB]:              429
    Algorithm:                Disk
    Integral Cache:           NONE
    Schwarz Cutoff:          1E-12
    Fitting Condition:       1E-10

   => Auxiliary Basis Set <=

  Basis Set: (6-31+G* AUX)
    Blend: HEAVY-AUG-CC-PVDZ-JKFIT
    Number of shells: 606
    Number of basis functions: 2117
    Number of Cartesian functions: 2117
    Spherical Harmonics?: false
    Max angular momentum: 3

  Minimum eigenvalue in the overlap matrix is 9.7061324737E-07.
  Reciprocal condition number of the overlap matrix is 6.4426470275E-08.
    Using symmetric orthogonalization.

  ==> Pre-Iterations <==

  SCF Guess: Superposition of Atomic Densities via on-the-fly atomic UHF (no occupation information).

   -------------------------
    Irrep   Nso     Nmo    
   -------------------------
     A        366     366 
   -------------------------
    Total     366     366
   -------------------------

  ==> Iterations <==

                           Total Energy        Delta E     RMS |[F,P]|

   @DF-RHF iter SAD: -1198.57448492333606   -1.19857e+03   0.00000e+00 
   @DF-RHF iter   1: -1199.22663491720164   -6.52150e-01   2.37860e-03 DIIS/ADIIS
   @DF-RHF iter   2: -1199.56697606773491   -3.40341e-01   1.26614e-03 DIIS/ADIIS
   @DF-RHF iter   3: -1199.65669305351298   -8.97170e-02   2.66454e-04 DIIS/ADIIS
   @DF-RHF iter   4: -1199.66233364480627   -5.64059e-03   1.23918e-04 DIIS/ADIIS
   @DF-RHF iter   5: -1199.66348268993488   -1.14905e-03   2.44815e-05 DIIS
   @DF-RHF iter   6: -1199.66358542667558   -1.02737e-04   1.20369e-05 DIIS
   @DF-RHF iter   7: -1199.66361465917043   -2.92325e-05   4.79496e-06 DIIS
   @DF-RHF iter   8: -1199.66362099463549   -6.33547e-06   2.18453e-06 DIIS
   @DF-RHF iter   9: -1199.66362238353531   -1.38890e-06   9.41135e-07 DIIS
   @DF-RHF iter  10: -1199.66362265368821   -2.70153e-07   3.67181e-07 DIIS
  Energy and wave function converged.


  ==> Post-Iterations <==

    Orbital Energies [Eh]
    ---------------------

    Doubly Occupied:                                                      

       1A   -104.836556     2A    -20.628144     3A    -20.566291  
       4A    -15.579009     5A    -11.406056     6A    -11.322435  
       7A    -11.312435     8A    -11.306550     9A    -11.269379  
      10A    -11.266576    11A    -11.265017    12A    -11.264314  
      13A    -11.264117    14A    -11.263980    15A    -11.263047  
      16A    -11.261883    17A    -11.248455    18A    -11.247750  
      19A    -10.568722    20A     -8.038104    21A     -8.034769  
      22A     -8.034758    23A     -1.467857    24A     -1.362056  
      25A     -1.265887    26A     -1.197668    27A     -1.162779  
      28A     -1.128007    29A     -1.053424    30A     -1.044047  
      31A     -1.041556    32A     -1.005019    33A     -0.914315  
      34A     -0.878702    35A     -0.859396    36A     -0.837056  
      37A     -0.814762    38A     -0.777398    39A     -0.731659  
      40A     -0.710890    41A     -0.704726    42A     -0.696841  
      43A     -0.659896    44A     -0.652208    45A     -0.649837  
      46A     -0.639851    47A     -0.630034    48A     -0.621975  
      49A     -0.611042    50A     -0.605721    51A     -0.586956  
      52A     -0.552842    53A     -0.545826    54A     -0.535648  
      55A     -0.526613    56A     -0.520798    57A     -0.514785  
      58A     -0.498931    59A     -0.486210    60A     -0.467105  
      61A     -0.460256    62A     -0.443009    63A     -0.430316  
      64A     -0.357530    65A     -0.357447    66A     -0.339579  
      67A     -0.319667  

    Virtual:                                                              

      68A      0.058589    69A      0.063443    70A      0.068915  
      71A      0.072162    72A      0.074219    73A      0.078173  
      74A      0.082570    75A      0.089517    76A      0.092289  
      77A      0.097627    78A      0.102199    79A      0.104630  
      80A      0.110966    81A      0.115252    82A      0.119530  
      83A      0.121520    84A      0.123748    85A      0.131659  
      86A      0.138035    87A      0.139747    88A      0.145181  
      89A      0.152884    90A      0.158837    91A      0.162580  
      92A      0.168927    93A      0.173328    94A      0.178953  
      95A      0.181993    96A      0.188314    97A      0.194325  
      98A      0.199233    99A      0.204295   100A      0.207422  
     101A      0.213380   102A      0.218773   103A      0.227142  
     104A      0.231349   105A      0.232726   106A      0.237836  
     107A      0.239437   108A      0.244008   109A      0.247068  
     110A      0.247799   111A      0.257023   112A      0.260231  
     113A      0.267477   114A      0.272280   115A      0.279315  
     116A      0.281100   117A      0.286005   118A      0.290463  
     119A      0.292614   120A      0.296672   121A      0.305346  
     122A      0.306610   123A      0.309202   124A      0.316290  
     125A      0.316902   126A      0.320303   127A      0.321804  
     128A      0.329129   129A      0.334094   130A      0.341874  
     131A      0.350081   132A      0.352037   133A      0.356936  
     134A      0.360614   135A      0.370314   136A      0.373480  
     137A      0.375351   138A      0.380121   139A      0.386246  
     140A      0.395810   141A      0.397273   142A      0.400028  
     143A      0.410387   144A      0.416215   145A      0.417999  
     146A      0.420788   147A      0.429232   148A      0.436638  
     149A      0.440672   150A      0.446347   151A      0.454386  
     152A      0.457208   153A      0.466809   154A      0.471258  
     155A      0.478750   156A      0.480203   157A      0.494033  
     158A      0.502971   159A      0.517839   160A      0.521126  
     161A      0.527697   162A      0.543712   163A      0.549145  
     164A      0.565711   165A      0.571397   166A      0.594546  
     167A      0.596399   168A      0.628515   169A      0.634978  
     170A      0.654610   171A      0.696909   172A      0.729100  
     173A      0.735525   174A      0.748633   175A      0.802902  
     176A      0.813920   177A      0.845575   178A      0.864517  
     179A      0.868162   180A      0.887359   181A      0.896243  
     182A      0.902102   183A      0.905042   184A      0.911103  
     185A      0.933316   186A      0.938278   187A      0.944495  
     188A      0.950540   189A      0.958064   190A      0.963397  
     191A      0.969057   192A      0.974114   193A      0.983062  
     194A      0.992085   195A      0.994798   196A      1.005299  
     197A      1.009584   198A      1.010582   199A      1.029498  
     200A      1.037429   201A      1.045044   202A      1.058877  
     203A      1.063240   204A      1.069667   205A      1.079201  
     206A      1.092556   207A      1.124432   208A      1.139603  
     209A      1.146899   210A      1.154095   211A      1.155590  
     212A      1.168687   213A      1.171786   214A      1.185161  
     215A      1.190815   216A      1.194786   217A      1.201906  
     218A      1.207085   219A      1.219233   220A      1.243033  
     221A      1.255346   222A      1.259845   223A      1.274867  
     224A      1.284746   225A      1.295597   226A      1.302488  
     227A      1.316223   228A      1.327892   229A      1.351658  
     230A      1.352869   231A      1.356256   232A      1.383599  
     233A      1.392644   234A      1.408159   235A      1.411056  
     236A      1.415529   237A      1.425631   238A      1.442546  
     239A      1.448859   240A      1.470259   241A      1.472855  
     242A      1.483768   243A      1.494256   244A      1.518117  
     245A      1.527436   246A      1.540053   247A      1.548407  
     248A      1.558951   249A      1.584698   250A      1.592018  
     251A      1.614686   252A      1.619847   253A      1.639318  
     254A      1.642857   255A      1.666341   256A      1.676378  
     257A      1.687946   258A      1.693798   259A      1.698632  
     260A      1.703121   261A      1.712952   262A      1.718885  
     263A      1.728320   264A      1.742762   265A      1.749936  
     266A      1.762975   267A      1.767061   268A      1.767639  
     269A      1.788233   270A      1.832935   271A      1.868798  
     272A      1.904184   273A      1.914405   274A      1.986184  
     275A      1.998658   276A      2.001911   277A      2.052929  
     278A      2.082750   279A      2.097933   280A      2.109144  
     281A      2.129552   282A      2.143185   283A      2.156213  
     284A      2.166040   285A      2.186372   286A      2.196423  
     287A      2.217488   288A      2.246150   289A      2.271429  
     290A      2.277048   291A      2.284352   292A      2.295747  
     293A      2.307861   294A      2.316222   295A      2.332390  
     296A      2.368439   297A      2.375898   298A      2.396245  
     299A      2.431256   300A      2.442245   301A      2.449238  
     302A      2.451778   303A      2.469190   304A      2.474525  
     305A      2.483133   306A      2.508648   307A      2.530393  
     308A      2.562828   309A      2.576022   310A      2.594094  
     311A      2.613644   312A      2.620093   313A      2.628500  
     314A      2.664204   315A      2.694719   316A      2.704972  
     317A      2.734583   318A      2.754214   319A      2.816981  
     320A      2.850332   321A      2.862270   322A      2.877519  
     323A      2.936823   324A      2.955779   325A      2.968839  
     326A      2.982247   327A      2.988433   328A      2.997410  
     329A      3.006151   330A      3.037055   331A      3.061574  
     332A      3.081048   333A      3.111402   334A      3.126424  
     335A      3.131416   336A      3.169766   337A      3.186966  
     338A      3.236158   339A      3.290744   340A      3.328774  
     341A      3.337119   342A      3.372752   343A      3.456934  
     344A      3.520889   345A      3.581438   346A      3.631309  
     347A      3.758686   348A      3.809423   349A      4.601944  
     350A      4.645626   351A      4.654251   352A      4.659432  
     353A      4.683292   354A      4.716773   355A      4.728304  
     356A      4.776581   357A      4.803092   358A      4.807559  
     359A      4.814588   360A      4.831489   361A      4.887881  
     362A      4.915940   363A      4.925914   364A      5.071471  
     365A      5.150765   366A      5.203824  

    Final Occupation by Irrep:
              A 
    DOCC [    67 ]
    NA   [    67 ]
    NB   [    67 ]

  @DF-RHF Final Energy: -1199.66362265368821

   => Energetics <=

    Nuclear Repulsion Energy =           1250.9616414385502594
    One-Electron Energy =               -4127.4173613283146551
    Two-Electron Energy =                1676.7920972360764154
    Total Energy =                      -1199.6636226536882077

Computation Completed


Properties will be evaluated at   0.000000,   0.000000,   0.000000 [a0]

Properties computed using the SCF density matrix


 Multipole Moments:

 ------------------------------------------------------------------------------------
     Multipole            Electronic (a.u.)      Nuclear  (a.u.)        Total (a.u.)
 ------------------------------------------------------------------------------------

 L = 1.  Multiply by 2.5417464519 to convert [e a0] to [Debye]
 Dipole X            :        -14.4904712           15.4430961            0.9526249
 Dipole Y            :          3.1892629           -3.5562823           -0.3670193
 Dipole Z            :         -1.4449859            2.0256000            0.5806141
 Magnitude           :                                                    1.1744404

 ------------------------------------------------------------------------------------

*** tstop() called on cn0421 at Fri May 17 14:59:35 2024
Module time:
	user time   =     327.77 seconds =       5.46 minutes
	system time =     103.45 seconds =       1.72 minutes
	total time  =         40 seconds =       0.67 minutes
Total time:
	user time   =     327.77 seconds =       5.46 minutes
	system time =     103.45 seconds =       1.72 minutes
	total time  =         40 seconds =       0.67 minutes

******************************************************************************************
**********                               WARNING                                **********
**********       The names of excited state variables changed between 1.5       **********
**********     and 1.6. For a quick solution, remove the symmetry specifier     **********
**********   from the variable name. For full details, see 'Notes on Psivars'   **********
**********                        in the documentation.                         **********
******************************************************************************************



         ---------------------------------------------------------
                         TDSCF excitation energies                
                 by Andrew M. James and Daniel G. A. Smith        
         ---------------------------------------------------------

  ==> Options <==

     Residual threshold  : 1.0000e-04
     Initial guess       : denominators
     Reference           : RHF
     Solver type         : RPA (Hamiltonian)


  ==> Requested Excitations <==

      10 singlet states with A symmetry


  ==> Seeking the lowest 10 singlet states with A symmetry

                        Generalized Hamiltonian Solver                       
                              By Andrew M. James                             

  ==> Options <==

    Max number of iterations        = 60   
    Eigenvector tolerance           = 1.0000e-04
    Max number of expansion vectors = 2000 

  => Iterations <=
                              Max[D[value]]     Max[|R|]   # vectors
  HamiltonianSolver iter   1:   2.91659e-01  3.45255e-01     40      
  HamiltonianSolver iter   2:   4.10400e-02  1.44372e-01     60      
  HamiltonianSolver iter   3:   1.29047e-02  1.09042e-01     80      
  HamiltonianSolver iter   4:   5.13076e-03  8.50022e-02    100      
  HamiltonianSolver iter   5:   4.46433e-03  1.06791e-01    120      
  HamiltonianSolver iter   6:   5.97728e-03  1.61324e-01    140      
  HamiltonianSolver iter   7:   1.45063e-02  8.97966e-02    160      
  HamiltonianSolver iter   8:   2.14657e-03  3.09494e-02    180      
  HamiltonianSolver iter   9:   1.95264e-04  9.87720e-03    198      
  HamiltonianSolver iter  10:   1.62489e-05  3.03100e-03    212      
  HamiltonianSolver iter  11:   1.42177e-06  9.04527e-04    222      
  HamiltonianSolver iter  12:   1.36148e-07  3.14032e-04    232      
  HamiltonianSolver iter  13:   1.75875e-08  1.18502e-04    238      
  HamiltonianSolver iter  14:   2.40745e-09  8.72163e-05    240      Converged

******************************************************************************************
**********                               WARNING                                **********
**********  Length-gauge rotatory strengths are **NOT** gauge-origin invariant  **********
******************************************************************************************

                                    Excitation Energy         Total Energy        Oscillator Strength             Rotatory Strength       
     #   Sym: GS->ES (Trans)        au              eV              au          au (length)    au (velocity)    au (length)    au (velocity) 
    ---- -------------------- --------------- --------------- --------------- --------------- --------------- --------------- ---------------
     1        A->A (1 A)       0.17982         4.89324        -1199.48380      0.3854          0.3750          0.5108          0.5076        
     2        A->A (1 A)       0.19192         5.22230        -1199.47171      0.1815          0.1732         -0.2701         -0.2537        
     3        A->A (1 A)       0.19620         5.33884        -1199.46742      0.1030          0.0964         -0.1769         -0.1865        
     4        A->A (1 A)       0.20509         5.58081        -1199.45853      0.0100          0.0088         -0.0004         -0.0006        
     5        A->A (1 A)       0.20892         5.68512        -1199.45470      0.0310          0.0252          0.0309          0.0309        
     6        A->A (1 A)       0.22853         6.21856        -1199.43509      0.0015          0.0013          0.0296          0.0285        
     7        A->A (1 A)       0.24518         6.67176        -1199.41844      0.9547          0.9153         -0.4353         -0.4298        
     8        A->A (1 A)       0.24830         6.75646        -1199.41533      0.3514          0.3371          0.2859          0.2758        
     9        A->A (1 A)       0.25509         6.94134        -1199.40853      0.5980          0.5811          1.4569          1.4449        
     10       A->A (1 A)       0.25741         7.00451        -1199.40621      0.3910          0.3741         -1.5047         -1.5027        



Contributing excitations and de-excitations
Only contributions with abs(coeff) > 1.00e-01 will be printed:

Excited State    1 (1 A):   0.17982 au   253.38 nm f = 0.3854
  Sums of squares: Xssq =  1.009363e+00; Yssq =  9.363040e-03; Xssq - Yssq =  1.000000e+00
     62a  ->  68a     0.285697 ( 8.162%)
     62a  ->  96a    -0.112304 ( 1.261%)
     64a  ->  71a    -0.103844 ( 1.078%)
     66a  ->  71a    -0.116598 ( 1.359%)
     67a  ->  68a    -0.770418 (59.354%)
     67a  ->  69a    -0.152709 ( 2.332%)
     67a  ->  79a     0.110662 ( 1.225%)
     67a  ->  84a     0.104028 ( 1.082%)

Excited State    2 (1 A):   0.19192 au   237.41 nm f = 0.1815
  Sums of squares: Xssq =  1.010580e+00; Yssq =  1.057975e-02; Xssq - Yssq =  1.000000e+00
     62a  ->  68a     0.307448 ( 9.452%)
     62a  ->  96a    -0.119392 ( 1.425%)
     63a  ->  68a    -0.121018 ( 1.465%)
     64a  ->  68a    -0.129368 ( 1.674%)
     65a  ->  77a    -0.116249 ( 1.351%)
     66a  ->  68a    -0.473322 (22.403%)
     66a  ->  70a     0.117265 ( 1.375%)
     66a  ->  71a     0.288614 ( 8.330%)
     66a  ->  72a    -0.160063 ( 2.562%)
     66a  ->  73a     0.165649 ( 2.744%)
     67a  ->  69a     0.178044 ( 3.170%)
     67a  ->  70a     0.148869 ( 2.216%)
     67a  ->  71a     0.340087 (11.566%)
     67a  ->  72a    -0.225459 ( 5.083%)
     67a  ->  73a     0.162975 ( 2.656%)
     67a  ->  96a     0.102747 ( 1.056%)

Excited State    3 (1 A):   0.19620 au   232.23 nm f = 0.1030
  Sums of squares: Xssq =  1.013803e+00; Yssq =  1.380288e-02; Xssq - Yssq =  1.000000e+00
     62a  ->  68a    -0.102010 ( 1.041%)
     64a  ->  77a    -0.112781 ( 1.272%)
     64a  ->  79a     0.128683 ( 1.656%)
     64a  ->  82a    -0.117686 ( 1.385%)
     65a  ->  76a     0.128730 ( 1.657%)
     65a  ->  77a     0.162449 ( 2.639%)
     66a  ->  68a     0.570838 (32.586%)
     66a  ->  69a     0.176797 ( 3.126%)
     66a  ->  71a     0.115519 ( 1.334%)
     67a  ->  68a    -0.129481 ( 1.677%)
     67a  ->  69a     0.173399 ( 3.007%)
     67a  ->  70a     0.185141 ( 3.428%)
     67a  ->  71a     0.429965 (18.487%)
     67a  ->  72a    -0.221911 ( 4.924%)
     67a  ->  73a     0.221391 ( 4.901%)

Excited State    4 (1 A):   0.20509 au   222.16 nm f = 0.0100
  Sums of squares: Xssq =  1.013839e+00; Yssq =  1.383899e-02; Xssq - Yssq =  1.000000e+00
     64a  ->  68a     0.245398 ( 6.022%)
     65a  ->  68a    -0.642923 (41.335%)
     65a  ->  71a     0.123372 ( 1.522%)
     65a  ->  82a     0.103805 ( 1.078%)
     65a  -> 103a     0.101400 ( 1.028%)
     66a  ->  76a     0.241583 ( 5.836%)
     66a  ->  77a     0.356921 (12.739%)
     67a  ->  76a    -0.189202 ( 3.580%)
     67a  ->  77a    -0.287342 ( 8.257%)

Excited State    5 (1 A):   0.20892 au   218.09 nm f = 0.0310
  Sums of squares: Xssq =  1.011078e+00; Yssq =  1.107798e-02; Xssq - Yssq =  1.000000e+00
     62a  ->  68a     0.210090 ( 4.414%)
     64a  ->  68a     0.182140 ( 3.318%)
     64a  ->  69a     0.226936 ( 5.150%)
     64a  ->  70a     0.192773 ( 3.716%)
     64a  ->  71a     0.445286 (19.828%)
     64a  ->  72a    -0.245848 ( 6.044%)
     64a  ->  73a     0.223194 ( 4.982%)
     65a  ->  71a     0.183592 ( 3.371%)
     65a  ->  72a    -0.103054 ( 1.062%)
     66a  ->  79a    -0.147567 ( 2.178%)
     66a  ->  82a     0.166665 ( 2.778%)
     67a  ->  79a    -0.273834 ( 7.499%)
     67a  ->  82a     0.286889 ( 8.231%)

Excited State    6 (1 A):   0.22853 au   199.38 nm f = 0.0015
  Sums of squares: Xssq =  1.006297e+00; Yssq =  6.296733e-03; Xssq - Yssq =  1.000000e+00
     58a  ->  71a     0.117867 ( 1.389%)
     60a  ->  68a     0.136685 ( 1.868%)
     60a  ->  69a     0.146391 ( 2.143%)
     60a  ->  70a     0.128035 ( 1.639%)
     60a  ->  71a     0.307101 ( 9.431%)
     60a  ->  72a    -0.162904 ( 2.654%)
     60a  ->  73a     0.165284 ( 2.732%)
     60a  ->  92a    -0.150605 ( 2.268%)
     60a  ->  95a    -0.110110 ( 1.212%)
     60a  ->  97a     0.139120 ( 1.935%)
     60a  -> 103a    -0.127995 ( 1.638%)
     60a  -> 106a    -0.118022 ( 1.393%)
     60a  -> 107a    -0.121541 ( 1.477%)
     62a  ->  71a     0.129465 ( 1.676%)
     63a  ->  68a     0.164474 ( 2.705%)
     63a  ->  69a     0.165316 ( 2.733%)
     63a  ->  70a     0.139712 ( 1.952%)
     63a  ->  71a     0.333500 (11.122%)
     63a  ->  72a    -0.177362 ( 3.146%)
     63a  ->  73a     0.175523 ( 3.081%)
     63a  ->  92a    -0.135746 ( 1.843%)
     63a  ->  97a     0.117597 ( 1.383%)
     63a  -> 103a    -0.102961 ( 1.060%)
     66a  ->  71a     0.122889 ( 1.510%)

Excited State    7 (1 A):   0.24518 au   185.83 nm f = 0.9547
  Sums of squares: Xssq =  1.009740e+00; Yssq =  9.740409e-03; Xssq - Yssq =  1.000000e+00
     58a  ->  68a    -0.104260 ( 1.087%)
     62a  ->  68a    -0.124549 ( 1.551%)
     63a  ->  68a     0.248918 ( 6.196%)
     64a  ->  71a     0.209789 ( 4.401%)
     64a  ->  72a    -0.101444 ( 1.029%)
     64a  ->  76a     0.116231 ( 1.351%)
     64a  ->  77a     0.176356 ( 3.110%)
     65a  ->  76a    -0.315264 ( 9.939%)
     65a  ->  77a    -0.444344 (19.744%)
     65a  ->  80a    -0.126465 ( 1.599%)
     65a  ->  81a    -0.128596 ( 1.654%)
     66a  ->  96a    -0.111673 ( 1.247%)
     67a  ->  68a    -0.244746 ( 5.990%)
     67a  ->  69a     0.247066 ( 6.104%)
     67a  ->  71a    -0.102885 ( 1.059%)
     67a  ->  72a    -0.119808 ( 1.435%)
     67a  ->  76a     0.167601 ( 2.809%)
     67a  ->  79a     0.105141 ( 1.105%)
     67a  ->  80a    -0.101610 ( 1.032%)
     67a  ->  81a    -0.139034 ( 1.933%)

Excited State    8 (1 A):   0.24830 au   183.50 nm f = 0.3514
  Sums of squares: Xssq =  1.003604e+00; Yssq =  3.603874e-03; Xssq - Yssq =  1.000000e+00
     64a  ->  69a     0.110552 ( 1.222%)
     64a  ->  71a     0.143725 ( 2.066%)
     64a  ->  72a    -0.139840 ( 1.956%)
     65a  ->  77a    -0.138985 ( 1.932%)
     66a  ->  69a    -0.180593 ( 3.261%)
     66a  ->  70a    -0.157083 ( 2.467%)
     66a  ->  71a     0.229241 ( 5.255%)
     66a  ->  79a     0.124724 ( 1.556%)
     67a  ->  69a    -0.541493 (29.321%)
     67a  ->  70a    -0.198800 ( 3.952%)
     67a  ->  71a     0.409654 (16.782%)
     67a  ->  75a     0.118199 ( 1.397%)
     67a  ->  79a     0.255835 ( 6.545%)
     67a  ->  86a     0.109244 ( 1.193%)

Excited State    9 (1 A):   0.25509 au   178.62 nm f = 0.5980
  Sums of squares: Xssq =  1.017286e+00; Yssq =  1.728623e-02; Xssq - Yssq =  1.000000e+00
     64a  ->  71a     0.210928 ( 4.449%)
     64a  ->  73a     0.116967 ( 1.368%)
     64a  ->  76a    -0.101523 ( 1.031%)
     65a  ->  68a     0.472713 (22.346%)
     65a  ->  69a     0.108639 ( 1.180%)
     65a  ->  76a     0.123502 ( 1.525%)
     65a  ->  77a     0.140702 ( 1.980%)
     66a  ->  68a    -0.135993 ( 1.849%)
     66a  ->  69a     0.144435 ( 2.086%)
     66a  ->  76a     0.263699 ( 6.954%)
     66a  ->  77a     0.281448 ( 7.921%)
     66a  ->  79a     0.138024 ( 1.905%)
     66a  ->  82a    -0.161642 ( 2.613%)
     67a  ->  70a     0.164541 ( 2.707%)
     67a  ->  73a     0.131425 ( 1.727%)
     67a  ->  75a     0.104348 ( 1.089%)
     67a  ->  76a    -0.140997 ( 1.988%)
     67a  ->  77a    -0.358677 (12.865%)
     67a  ->  79a     0.138121 ( 1.908%)
     67a  ->  80a    -0.110920 ( 1.230%)
     67a  ->  81a    -0.136658 ( 1.868%)
     67a  ->  82a    -0.120270 ( 1.446%)

Excited State   10 (1 A):   0.25741 au   177.01 nm f = 0.3910
  Sums of squares: Xssq =  1.017206e+00; Yssq =  1.720619e-02; Xssq - Yssq =  1.000000e+00
     64a  ->  68a    -0.450475 (20.293%)
     64a  ->  69a    -0.113396 ( 1.286%)
     64a  ->  76a     0.158331 ( 2.507%)
     64a  ->  79a     0.252755 ( 6.389%)
     64a  ->  82a    -0.210662 ( 4.438%)
     65a  ->  68a     0.198475 ( 3.939%)
     65a  ->  71a    -0.109317 ( 1.195%)
     65a  ->  77a    -0.201475 ( 4.059%)
     65a  ->  79a     0.121022 ( 1.465%)
     65a  ->  80a    -0.108446 ( 1.176%)
     65a  ->  81a    -0.112050 ( 1.256%)
     66a  ->  68a     0.113346 ( 1.285%)
     66a  ->  76a     0.109783 ( 1.205%)
     66a  ->  77a     0.286035 ( 8.182%)
     66a  ->  79a    -0.112718 ( 1.271%)
     66a  ->  80a     0.121847 ( 1.485%)
     66a  ->  81a     0.114484 ( 1.311%)
     67a  ->  69a    -0.108890 ( 1.186%)
     67a  ->  71a    -0.101353 ( 1.027%)
     67a  ->  74a     0.101976 ( 1.040%)
     67a  ->  76a    -0.210963 ( 4.451%)
     67a  ->  77a    -0.145906 ( 2.129%)
     67a  ->  79a    -0.190578 ( 3.632%)
     67a  ->  82a     0.207339 ( 4.299%)


******************************************************************************************
**********                               WARNING                                **********
**********       The names of excited state variables changed between 1.5       **********
**********     and 1.6. For a quick solution, remove the symmetry specifier     **********
**********   from the variable name. For full details, see 'Notes on Psivars'   **********
**********                        in the documentation.                         **********
******************************************************************************************


    Psi4 stopped on: Friday, 17 May 2024 03:02PM
    Psi4 wall time for execution: 0:03:06.10

*** Psi4 exiting successfully. Buy a developer a beer!
