 argument  1 = nwc_h2o_b3lyp_nosmd_ram.inp
                                         
                                         
 
 
              Northwest Computational Chemistry Package (NWChem) 6.8
              ------------------------------------------------------
 
 
                    Environmental Molecular Sciences Laboratory
                       Pacific Northwest National Laboratory
                                Richland, WA 99352
 
                              Copyright (c) 1994-2017
                       Pacific Northwest National Laboratory
                            Battelle Memorial Institute
 
             NWChem is an open-source computational chemistry package
                        distributed under the terms of the
                      Educational Community License (ECL) 2.0
             A copy of the license is included with this distribution
                              in the LICENSE.TXT file
 
                                  ACKNOWLEDGMENT
                                  --------------

            This software and its documentation were developed at the
            EMSL at Pacific Northwest National Laboratory, a multiprogram
            national laboratory, operated for the U.S. Department of Energy
            by Battelle under Contract Number DE-AC05-76RL01830. Support
            for this work was provided by the Department of Energy Office
            of Biological and Environmental Research, Office of Basic
            Energy Sciences, and the Office of Advanced Scientific Computing.


           Job information
           ---------------

    hostname        = acn143
    program         = nwchem
    date            = Wed Apr 24 15:52:16 2024

    compiled        = Tue_Aug_14_10:52:15_2018
    source          = /panfs/roc/msisoft/nwchem/6.8_impi_2018
    nwchem branch   = 6.8
    nwchem revision = v6.8-47-gdf6c956
    ga revision     = ga-5.6.3
    use scalapack   = T
    input           = nwc_h2o_b3lyp_nosmd_ram.inp
    prefix          = nwc_h2o_b3lyp_nosmd_ram.
    data base       = ./nwc_h2o_b3lyp_nosmd_ram.db
    status          = startup
    nproc           =        8
    time left       =     -1s



           Memory information
           ------------------

    heap     =   13107198 doubles =    100.0 Mbytes
    stack    =   13107195 doubles =    100.0 Mbytes
    global   =   26214400 doubles =    200.0 Mbytes (distinct from heap & stack)
    total    =   52428793 doubles =    400.0 Mbytes
    verify   = yes
    hardfail = no 


           Directory information
           ---------------------
 
  0 permanent = .
  0 scratch   = /scratch.global/lever046/nwchem
 
 
 
 
                                NWChem Input Module
                                -------------------
 
 
                            water molecule optimization
                            ---------------------------

 Scaling coordinates for geometry "geometry" by  1.889725989
 (inverse scale =  0.529177249)

 CS  symmetry detected

          ------
          auto-z
          ------
     1 autoz failed with cvr_scaling = 1.2 changing to 1.3
     2 autoz failed with cvr_scaling = 1.3 changing to 1.4
     3 autoz failed with cvr_scaling = 1.4 changing to 1.5
     4 autoz failed with cvr_scaling = 1.5 changing to 1.6
     5 autoz failed with cvr_scaling = 1.6 changing to 1.7

 AUTOZ failed to generate good internal coordinates.
 Cartesian coordinates will be used in optimizations.

 
 
                             Geometry "geometry" -> ""
                             -------------------------
 
 Output coordinates in angstroms (scale by  1.889725989 to convert to a.u.)
 
  No.       Tag          Charge          X              Y              Z
 ---- ---------------- ---------- -------------- -------------- --------------
    1 O                    8.0000     0.22186344     0.06462389     0.00000000
    2 H                    1.0000    -1.08694543     1.33719488     0.00000000
    3 H                    1.0000    -0.68796206    -1.85418601     0.00000000
 
      Atomic Mass 
      ----------- 
 
      O                 15.994910
      H                  1.007825
 

 Effective nuclear repulsion energy (a.u.)       4.4771147998

            Nuclear Dipole moment (a.u.) 
            ----------------------------
        X                 Y               Z
 ---------------- ---------------- ----------------
     0.0000000000    -0.0000000000     0.0000000000
 
      Symmetry information
      --------------------
 
 Group name             Cs        
 Group number              2
 Group order               2
 No. of unique centers     3
 
      Symmetry unique atoms
 
     1    2    3
 
 
  library name resolved from: environment
  library file name is: <
 /common/software/install/migrated/nwchem/6.5_ompi_1.7.2/src/basis/libraries/>
  

--------------------------------------------------------------------------------

          ****************
          *** RESPONSE ***
          ****************

 Response module for NWChem and dynamic CPKS solver
 developed by J. Autschbach and coworkers, SUNY Buffalo
 The methodology used in this program is described in 
 ChemPhysChem 12 (2011), 3224-3235 (main reference)
 J. Chem. Phys. 123 (2005), 114103
 J. Chem. Phys. 122 (2005), 224115
 J. Chem. Phys. 122 (2005), 074105
 Comp. Lett. 3 (2007), 131-150 (contact JA for a copy)
 Please cite this work in publications based on results
 obtained with this code. Thank you!

 For extension of response module to open shell
 calculations please acknowledge:
 F. Aquino, Northwestern University, Schatz Rsrch Group
 The update to the methodology is described in
 J. Phys. Chem. A 118 (2014) 517-525



          -----------------------------------------------
          Solving response equations for perturbing field
          -----------------------------------------------

 number of frequencies:     1
 frequency in a.u.:  0.8855900E-01
 Perturbing field: electric
 Using El. Dipole Length Gauge
 
 Applying DAMPING constant of  0.007000 a.u.
 
 Setting up CPKS
 with frequency omega =      0.08855900 a.u.
 and a damping of            0.00700000 a.u.

 
                            NWChem Dynamic CPHF Module
                            --------------------------
 
 
    scftype = RHF 
    nclosed =    5
      nopen =    0
  variables =      360
  num. vecs =        3
  tolerance =   1.0D-04
  max. iter =   50


 #quartets = 3.081D+03 #integrals = 1.648D+04 #direct =  0.0% #cached =100.0%


 Integral file          = /scratch.global/lever046/nwchem/nwc_h2o_b3lyp_nosmd_ram.aoints.0
 Record size in doubles =    65536    No. of integs per rec  =    43688
 Max. records in memory =        2    Max. records in file   = 53483134
 No. of bits per label  =        8    No. of bits per value  =       64


File balance: exchanges=     0  moved=     0  time=   0.0

 SCF residual:   1.173656247575615E-004


Iterative solution of linear equations
  No. of variables      180
  No. of equations        3
  Maximum subspace       30
       Convergence  1.0D-04
        Start time     67.7


   iter   nsub   residual    time 
   ----  ------  --------  --------- 
 dft_CPHF2_read: failed to open./nwc_h2o_b3lyp_nosmd_ram.aoresp_fiao_f1
     1      3    1.35D+00      67.8
     2      6    1.61D+00      67.9
     3      9    1.35D-01      68.0
     4     12    1.41D-02      68.1
     5     15    5.65D-04      68.2
     6     18    4.35D-05      68.3

 Parallel integral file used       8 records with       0 large values


 Electric Dipole Response Matrix (nonzero elements):

              1        2        3      
    1    6.6894  -0.1847  -0.0000
    2   -0.1847   7.8747  -0.0000
    3   -0.0000   0.0000   6.8596
 
 Imaginary part:

              1        2        3      
    1    0.0347   0.0006   0.0000
    2    0.0006   0.0248  -0.0000
    3    0.0000   0.0000   0.0596

 ------------------------------------------
 average:         7.14126 + I       0.03971


 DFT Linear Response polarizability / au 
 Frequency  =       0.0885590 / au
 Wavelength =     514.4971488 / nm
              X              Y              Z
 -----------------------------------------------
 X       6.6894434     -0.1846862     -0.0000000
 Y      -0.1846862      7.8747094     -0.0000000
 Z      -0.0000000      0.0000000      6.8596163
 -----------------------------------------------
 Eigenvalues =       6.6613325      7.9028202      6.8596163
 Isotropic   =       7.1412563
 Anisotropic =       0.9432006
 -----------------------------------------------
 *************************

 DFT Linear Response IMAG polarizability / au 
 Frequency  =       0.0885590 / au
 Wavelength =     514.4971488 / nm
              X              Y              Z
 -----------------------------------------------
 X       0.0347409      0.0006186      0.0000000
 Y       0.0006185      0.0248025     -0.0000000
 Z       0.0000000      0.0000000      0.0595941
 -----------------------------------------------
 Eigenvalues =       0.0347793      0.0247641      0.0595941
 Isotropic   =       0.0397125
 Anisotropic =       0.0253588
 -----------------------------------------------
 *************************

 Magnetic Dipole Response Matrix (nonzero elements):
 Optical rotation tensor Beta

              1        2        3      
    1   -0.0000  -0.0000   0.6554
    2   -0.0000  -0.0000  -0.8762
    3   -0.7894   1.8061   0.0000
 
 Imaginary part:

              1        2        3      
    1    0.0000   0.0000   0.0550
    2   -0.0000  -0.0000  -0.0710
    3   -0.0712   0.1714   0.0000

 ------------------------------------------
 average:        -0.00000 + I       0.00000

 Exiting AOResponse driver routine
 Stepsize :  1.040586803346980E-002

 3862.14  REAL                      43.867505
 3862.14  IMAGINARY                  0.003131
 3862.14  TOTAL                     43.870637

 Writing mini:
 ./nwc_h2o_b3lyp_nosmd_ram.raman_0007-0009_nblock                               
                                                                                
                                                                                
                   
Writing modecounter=    3
 Showing rminfo:
(start,last,rmmodes,nfreq,plot,width)=(   1,   9,   3,   1,normal          ,    20.00000000)
rminfo(   1)=(  1663.33090640,     3.15618202,     0.00012493,     3.15630695)
rminfo(   2)=(  3736.90207054,    88.42393989,     0.00593497,    88.42987487)
rminfo(   3)=(  3862.14249561,    43.86750544,     0.00313122,    43.87063666)

 Raman scattering data written to ./nwc_h2o_b3lyp_nosmd_ram.normal


 Task  times  cpu:       10.9s     wall:       37.5s
 
 
                                NWChem Input Module
                                -------------------
 
 
 Summary of allocated global arrays
-----------------------------------
  No active global arrays



                         GA Statistics for process    0
                         ------------------------------

       create   destroy   get      put      acc     scatter   gather  read&inc
calls: 1.18e+04 1.18e+04 2.07e+05 1.77e+05 8.45e+04 3762        0     5395     
number of processes/call 1.26e+00 1.11e+00 2.06e+00 0.00e+00 0.00e+00
bytes total:             9.42e+07 1.94e+07 5.88e+07 4.80e+01 0.00e+00 4.32e+04
bytes remote:            2.91e+07 4.03e+06 3.73e+07 0.00e+00 0.00e+00 0.00e+00
Max memory consumed for GA by this process: 151248 bytes
 
MA_summarize_allocated_blocks: starting scan ...
MA_summarize_allocated_blocks: scan completed: 0 heap blocks, 0 stack blocks
MA usage statistics:

	allocation statistics:
					      heap	     stack
					      ----	     -----
	current number of blocks	         0	         0
	maximum number of blocks	        26	        55
	current total bytes		         0	         0
	maximum total bytes		   1455440	  22510840
	maximum total K-bytes		      1456	     22511
	maximum total M-bytes		         2	        23
 
 
                                     CITATION
                                     --------
                Please cite the following reference when publishing
                           results obtained with NWChem:
 
                 M. Valiev, E.J. Bylaska, N. Govind, K. Kowalski,
              T.P. Straatsma, H.J.J. van Dam, D. Wang, J. Nieplocha,
                        E. Apra, T.L. Windus, W.A. de Jong
                 "NWChem: a comprehensive and scalable open-source
                  solution for large scale molecular simulations"
                      Comput. Phys. Commun. 181, 1477 (2010)
                           doi:10.1016/j.cpc.2010.04.018
 
                                      AUTHORS
                                      -------
          E. Apra, E. J. Bylaska, W. A. de Jong, N. Govind, K. Kowalski,
       T. P. Straatsma, M. Valiev, H. J. J. van Dam, D. Wang, T. L. Windus,
        J. Hammond, J. Autschbach, K. Bhaskaran-Nair, J. Brabec, K. Lopata,
    S. A. Fischer, S. Krishnamoorthy, M. Jacquelin, W. Ma, M. Klemm, O. Villa,
      Y. Chen, V. Anisimov, F. Aquino, S. Hirata, M. T. Hackler, V. Konjkov,
            D. Mejia-Rodriguez, T. Risthaus, M. Malagoli, A. Marenich,
   A. Otero-de-la-Roza, J. Mullin, P. Nichols, R. Peverati, J. Pittner, Y. Zhao,
        P.-D. Fan, A. Fonari, M. J. Williamson, R. J. Harrison, J. R. Rehr,
      M. Dupuis, D. Silverstein, D. M. A. Smith, J. Nieplocha, V. Tipparaju,
    M. Krishnan, B. E. Van Kuiken, A. Vazquez-Mayagoitia, L. Jensen, M. Swart,
      Q. Wu, T. Van Voorhis, A. A. Auer, M. Nooijen, L. D. Crosby, E. Brown,
      G. Cisneros, G. I. Fann, H. Fruchtl, J. Garza, K. Hirao, R. A. Kendall,
      J. A. Nichols, K. Tsemekhman, K. Wolinski, J. Anchell, D. E. Bernholdt,
      P. Borowski, T. Clark, D. Clerc, H. Dachsel, M. J. O. Deegan, K. Dyall,
    D. Elwood, E. Glendening, M. Gutowski, A. C. Hess, J. Jaffe, B. G. Johnson,
     J. Ju, R. Kobayashi, R. Kutteh, Z. Lin, R. Littlefield, X. Long, B. Meng,
      T. Nakajima, S. Niu, L. Pollack, M. Rosing, K. Glaesemann, G. Sandrone,
      M. Stave, H. Taylor, G. Thomas, J. H. van Lenthe, A. T. Wong, Z. Zhang.

 Total times  cpu:       18.2s     wall:       68.6s
